// Jest Snapshot v1, https://goo.gl/fbAQLP

exports[`NetflixLogo default render 1`] = `
<styled.span
  className="netflix-logo"
>
  netflixroulette
</styled.span>
`;
